// Jest Snapshot v1, https://goo.gl/fbAQLP

exports[`components/StartDifficulty renders StartDifficulty 1`] = `
<styled.div>
  <styled.h1>
    testTitle
  </styled.h1>
  <styled.div>
    <img
      alt="placeholder alt"
      src="https://placeimg.com/200/200/tech"
    />
    <styled.div>
      <ReactMarkdown
        astPlugins={Array []}
        escapeHtml={true}
        plugins={Array []}
        rawSourcePos={false}
        renderers={Object {}}
        skipHtml={false}
        sourcePos={false}
        transformLinkUri={[Function]}
      >
        testText
      </ReactMarkdown>
      <Styled(Styled(Link))
        to="/overview/testLink"
      >
        Kom ig√•ng
      </Styled(Styled(Link))>
    </styled.div>
  </styled.div>
</styled.div>
`;
