// Jest Snapshot v1, https://goo.gl/fbAQLP

exports[`components/StartClass renders StartClass 1`] = `
<styled.div>
  <p>
    Lektion 1
  </p>
  <img
    src="https://placeimg.com/200/200/tech"
  />
  <p>
    Här får du lära dig mer om ...
  </p>
</styled.div>
`;
